// Jest Snapshot v1, https://goo.gl/fbAQLP

exports[`Prueba a componente Router 1`] = `null`;
